Mon Feb  9 23:10:01 +07 2026
Mon Feb  9 23:11:01 +07 2026
Mon Feb  9 23:12:01 +07 2026
Mon Feb  9 23:13:01 +07 2026
Mon Feb  9 23:14:01 +07 2026
Mon Feb  9 23:15:01 +07 2026
Mon Feb  9 23:16:01 +07 2026
Mon Feb  9 23:17:01 +07 2026
Mon Feb  9 23:18:01 +07 2026
Mon Feb  9 23:19:01 +07 2026
Mon Feb  9 23:20:01 +07 2026
Mon Feb  9 23:21:01 +07 2026
Mon Feb  9 23:22:01 +07 2026
Mon Feb  9 23:23:01 +07 2026
Mon Feb  9 23:24:01 +07 2026
Mon Feb  9 23:25:01 +07 2026
Mon Feb  9 23:26:01 +07 2026
Mon Feb  9 23:27:01 +07 2026
Mon Feb  9 23:28:01 +07 2026
Mon Feb  9 23:29:01 +07 2026
Mon Feb  9 23:30:01 +07 2026
Mon Feb  9 23:31:01 +07 2026
Mon Feb  9 23:32:01 +07 2026
Mon Feb  9 23:33:01 +07 2026
Mon Feb  9 23:34:01 +07 2026
Mon Feb  9 23:35:01 +07 2026
Mon Feb  9 23:36:01 +07 2026
Mon Feb  9 23:37:01 +07 2026
Mon Feb  9 23:38:01 +07 2026
Mon Feb  9 23:39:01 +07 2026
Mon Feb  9 23:40:01 +07 2026
Mon Feb  9 23:41:01 +07 2026
Mon Feb  9 23:42:01 +07 2026
Mon Feb  9 23:43:01 +07 2026
Mon Feb  9 23:44:01 +07 2026
Mon Feb  9 23:45:01 +07 2026
Mon Feb  9 23:46:01 +07 2026
Mon Feb  9 23:47:01 +07 2026
Mon Feb  9 23:48:01 +07 2026
Mon Feb  9 23:49:01 +07 2026
Mon Feb  9 23:50:01 +07 2026
Mon Feb  9 23:51:01 +07 2026
Mon Feb  9 23:52:01 +07 2026
Mon Feb  9 23:53:01 +07 2026
Mon Feb  9 23:54:01 +07 2026
Mon Feb  9 23:55:01 +07 2026
Mon Feb  9 23:56:01 +07 2026
Mon Feb  9 23:57:01 +07 2026
Mon Feb  9 23:58:01 +07 2026
